// Jest Snapshot v1, https://goo.gl/fbAQLP

exports[`graphql transform should safely transform our response 1`] = `
Object {
  "newAfter": undefined,
  "newBefore": undefined,
  "newList": Array [],
  "newPosts": Object {},
}
`;

exports[`graphql transform should safely transform our response 2`] = `
Object {
  "__typename": "",
  "posts": Object {
    "__typename": "RedditLiteResponse",
  },
}
`;
